******************************************************************************
            TI ARM Clang Linker PC v4.0.3                      
******************************************************************************
>> Linked Thu Jul 31 19:58:07 2025

OUTPUT FILE NAME:   <Bootloader.out>
ENTRY POINT SYMBOL: "_c_int00_noargs"  address: 00000d15


MEMORY CONFIGURATION

         name            origin    length      used     unused   attr    fill
----------------------  --------  ---------  --------  --------  ----  --------
  BOOTLOADER            00000000   00003c00  00000eb0  00002d50  R  X
  APP1                  00003c00   0000c000  00000000  0000c000  R  X
  APP2                  0000fc00   0000c000  00000000  0000c000  R  X
  CONFIG_DATA           0001bc00   00004400  00000000  00004400  R   
  SRAM                  20200000   00008000  00000362  00007c9e  RW X
  BCR_CONFIG            41c00000   000000ff  00000000  000000ff  R   
  BSL_CONFIG            41c00100   00000080  00000000  00000080  R   


SEGMENT ALLOCATION MAP

run origin  load origin   length   init length attrs members
----------  ----------- ---------- ----------- ----- -------
00000000    00000000    00000de8   00000de8    r-x
  00000000    00000000    000000c0   000000c0    r-- .intvecs
  000000c0    000000c0    00000d28   00000d28    r-x .text
00000e48    00000e48    00000068   00000068    r--
  00000e48    00000e48    00000038   00000038    r-- .rodata
  00000e80    00000e80    00000020   00000020    r-- .cinit
  00000ea0    00000ea0    00000010   00000010    r-- .binit
20200000    20200000    00000102   00000000    rw-
  20200000    20200000    00000102   00000000    rw- .data
20200108    00000de8    00000060   00000060    r-x
  20200108    00000de8    00000060   00000060    r-x .TI.ramfunc
20207e00    20207e00    00000200   00000000    rw-
  20207e00    20207e00    00000200   00000000    rw- .stack


SECTION ALLOCATION MAP

 output                                  attributes/
section   page    origin      length       input sections
--------  ----  ----------  ----------   ----------------
.intvecs   0    00000000    000000c0     
                  00000000    000000c0     startup_mspm0g350x_ticlang.o (.intvecs)

.text      0    000000c0    00000d28     
                  000000c0    000007f4     Bootloader.o (.text.main)
                  000008b4    000000d8     driverlib.a : dl_flashctl.o (.text.DL_FlashCTL_unprotectSector)
                  0000098c    0000009a     libc.a : memcpy16.S.obj (.text:memcpy)
                  00000a26    00000002     startup_mspm0g350x_ticlang.o (.text.Default_Handler)
                  00000a28    0000007c     libc.a : copy_decompress_lzss.c.obj (.text:decompress:lzss)
                  00000aa4    00000070     ti_msp_dl_config.o (.text.SYSCFG_DL_CONSOLE_UART_init)
                  00000b14    0000004c     libc.a : cpy_tbl.c.obj (.text.copy_in)
                  00000b60    0000004c            : autoinit.c.obj (.text:__TI_auto_init_nopinit)
                  00000bac    00000048     driverlib.a : dl_uart.o (.text.DL_UART_init)
                  00000bf4    00000040     ti_msp_dl_config.o (.text.SYSCFG_DL_SYSCTL_init)
                  00000c34    00000040     Bootloader.o (.text.UART0_IRQHandler)
                  00000c74    00000040     libclang_rt.builtins.a : aeabi_uidivmod.S.obj (.text.__aeabi_uidivmod)
                  00000cb4    00000034     ti_msp_dl_config.o (.text.SYSCFG_DL_initPower)
                  00000ce8    0000002c     ti_msp_dl_config.o (.text.SYSCFG_DL_GPIO_init)
                  00000d14    00000028     libc.a : boot_cortex_m.c.obj (.text:_c_int00_noargs)
                  00000d3c    00000020     driverlib.a : dl_flashctl.o (.text.DL_FlashCTL_programMemoryFromRAM8WithECCGenerated)
                  00000d5c    00000010                 : dl_flashctl.o (.tramp.DL_FlashCTL_executeCommandFromRAM.1)
                  00000d6c    00000018                 : dl_flashctl.o (.text.DL_FlashCTL_eraseMemoryFromRAM)
                  00000d84    00000014     ti_msp_dl_config.o (.text.SYSCFG_DL_init)
                  00000d98    00000012     driverlib.a : dl_uart.o (.text.DL_UART_setClockConfig)
                  00000daa    00000012     libc.a : copy_decompress_none.c.obj (.text:decompress:none)
                  00000dbc    0000000a     driverlib.a : dl_common.o (.text.DL_Common_delayCycles)
                  00000dc6    00000002     libclang_rt.builtins.a : aeabi_div0.c.obj (.text.__aeabi_idiv0)
                  00000dc8    00000008                            : aeabi_memcpy.S.obj (.text.__aeabi_memcpy)
                  00000dd0    00000006     libc.a : exit.c.obj (.text:abort)
                  00000dd6    00000004     libsysbm.a : hostexit.c.obj (.text.HOSTexit)
                  00000dda    00000004     startup_mspm0g350x_ticlang.o (.text.Reset_Handler)
                  00000dde    00000004     libc.a : pre_init.c.obj (.text._system_pre_init)
                  00000de2    00000006     --HOLE-- [fill = 0]

.TI.ramfunc 
*          0    00000de8    00000060     RUN ADDR = 20200108
                  00000de8    00000060     driverlib.a : dl_flashctl.o (.TI.ramfunc)

.cinit     0    00000e80    00000020     
                  00000e80    00000009     (.cinit..data.load) [load image, compression = lzss]
                  00000e89    00000003     --HOLE-- [fill = 0]
                  00000e8c    00000008     (__TI_handler_table)
                  00000e94    00000008     (__TI_cinit_table)
                  00000e9c    00000004     --HOLE-- [fill = 0]

.rodata    0    00000e48    00000038     
                  00000e48    00000028     Bootloader.o (.rodata.str1.4351493957579416920.1)
                  00000e70    0000000a     ti_msp_dl_config.o (.rodata.gCONSOLE_UARTConfig)
                  00000e7a    00000002     ti_msp_dl_config.o (.rodata.gCONSOLE_UARTClockConfig)
                  00000e7c    00000004     --HOLE-- [fill = 0]

.init_array 
*          0    00000000    00000000     UNINITIALIZED

.binit     0    00000ea0    00000010     
                  00000ea0    00000010     (.binit)

.data      0    20200000    00000102     UNINITIALIZED
                  20200000    00000100     Bootloader.o (.data.DEBUG_BUFFER)
                  20200100    00000001     Bootloader.o (.data.DEBUG_DATA_RECEIVE_FLAG)
                  20200101    00000001     Bootloader.o (.data.DEBUG_INDEX)

.stack     0    20207e00    00000200     UNINITIALIZED
                  20207e00    00000004     libc.a : boot_cortex_m.c.obj (.stack)
                  20207e04    000001fc     --HOLE--

__llvm_prf_cnts 
*          0    20200000    00000000     UNINITIALIZED

__llvm_prf_bits 
*          0    20200000    00000000     UNINITIALIZED

MODULE SUMMARY

       Module                         code   ro data   rw data
       ------                         ----   -------   -------
    .\
       Bootloader.o                   2100   40        258    
       ti_msp_dl_config.o             292    12        0      
       startup_mspm0g350x_ticlang.o   6      192       0      
    +--+------------------------------+------+---------+---------+
       Total:                         2398   244       258    
                                                              
    C:/ti/mspm0_sdk_2_05_01_00/source/ti/driverlib/lib/ticlang/m0p/mspm0g1x0x_g3x0x/driverlib.a
       dl_flashctl.o                  480    0         0      
       dl_uart.o                      90     0         0      
       dl_common.o                    10     0         0      
    +--+------------------------------+------+---------+---------+
       Total:                         580    0         0      
                                                              
    F:\Softwares\Ti\ccs\tools\compiler\ti-cgt-armllvm_4.0.3.LTS\lib\armv6m-ti-none-eabi/c/libc.a
       memcpy16.S.obj                 154    0         0      
       copy_decompress_lzss.c.obj     124    0         0      
       autoinit.c.obj                 76     0         0      
       cpy_tbl.c.obj                  76     0         0      
       boot_cortex_m.c.obj            40     0         0      
       copy_decompress_none.c.obj     18     0         0      
       exit.c.obj                     6      0         0      
       pre_init.c.obj                 4      0         0      
    +--+------------------------------+------+---------+---------+
       Total:                         498    0         0      
                                                              
    F:\Softwares\Ti\ccs\tools\compiler\ti-cgt-armllvm_4.0.3.LTS\lib\armv6m-ti-none-eabi/c/libsysbm.a
       hostexit.c.obj                 4      0         0      
    +--+------------------------------+------+---------+---------+
       Total:                         4      0         0      
                                                              
    F:\Softwares\Ti\ccs\tools\compiler\ti-cgt-armllvm_4.0.3.LTS\lib\armv6m-ti-none-eabi/libclang_rt.builtins.a
       aeabi_uidivmod.S.obj           64     0         0      
       aeabi_memcpy.S.obj             8      0         0      
       aeabi_div0.c.obj               2      0         0      
    +--+------------------------------+------+---------+---------+
       Total:                         74     0         0      
                                                              
       Stack:                         0      0         512    
       Linker Generated:              0      41        0      
    +--+------------------------------+------+---------+---------+
       Grand Total:                   3554   285       770    


LINKER GENERATED COPY TABLES

__TI_cinit_table @ 00000e94 records: 1, size/record: 8, table size: 8
	.data: load addr=00000e80, load size=00000009 bytes, run addr=20200000, run size=00000102 bytes, compression=lzss
binit @ 00000ea0 records: 1, size/record: 12, table size: 16
	.TI.ramfunc: load addr=00000de8, load size=00000060, run addr=20200108, run size=00000060, compression=none


LINKER GENERATED HANDLER TABLE

__TI_handler_table @ 00000e8c records: 2, size/record: 4, table size: 8
	index: 0, handler: __TI_decompress_lzss
	index: 1, handler: __TI_decompress_none


FAR CALL TRAMPOLINES

callee name               trampoline name
   callee addr  tramp addr   call addr  call info
--------------  -----------  ---------  ----------------
DL_FlashCTL_executeCommandFromRAM  $Tramp$TT$L$PI$$DL_FlashCTL_executeCommandFromRAM
   20200109     00000d5c     00000d52   driverlib.a : dl_flashctl.o (.text.DL_FlashCTL_programMemoryFromRAM8WithECCGenerated)
                             00000d7a               : dl_flashctl.o (.text.DL_FlashCTL_eraseMemoryFromRAM)

[1 trampolines]
[2 trampoline calls]


GLOBAL SYMBOLS: SORTED ALPHABETICALLY BY Name 

address   name                                             
-------   ----                                             
00000a27  ADC0_IRQHandler                                  
00000a27  ADC1_IRQHandler                                  
00000a27  AES_IRQHandler                                   
00000dd6  C$$EXIT                                          
00000a27  CANFD0_IRQHandler                                
00000a27  DAC0_IRQHandler                                  
20200000  DEBUG_BUFFER                                     
20200100  DEBUG_DATA_RECEIVE_FLAG                          
20200101  DEBUG_INDEX                                      
00000dbd  DL_Common_delayCycles                            
00000d6d  DL_FlashCTL_eraseMemoryFromRAM                   
00000d3d  DL_FlashCTL_programMemoryFromRAM8WithECCGenerated
000008b5  DL_FlashCTL_unprotectSector                      
00000bad  DL_UART_init                                     
00000d99  DL_UART_setClockConfig                           
00000a27  DMA_IRQHandler                                   
00000a27  Default_Handler                                  
00000a27  GROUP0_IRQHandler                                
00000a27  GROUP1_IRQHandler                                
00000dd7  HOSTexit                                         
00000a27  HardFault_Handler                                
00000a27  I2C0_IRQHandler                                  
00000a27  I2C1_IRQHandler                                  
00000a27  NMI_Handler                                      
00000a27  PendSV_Handler                                   
00000a27  RTC_IRQHandler                                   
00000ddb  Reset_Handler                                    
00000a27  SPI0_IRQHandler                                  
00000a27  SPI1_IRQHandler                                  
00000a27  SVC_Handler                                      
00000aa5  SYSCFG_DL_CONSOLE_UART_init                      
00000ce9  SYSCFG_DL_GPIO_init                              
00000bf5  SYSCFG_DL_SYSCTL_init                            
00000d85  SYSCFG_DL_init                                   
00000cb5  SYSCFG_DL_initPower                              
00000a27  SysTick_Handler                                  
00000a27  TIMA0_IRQHandler                                 
00000a27  TIMA1_IRQHandler                                 
00000a27  TIMG0_IRQHandler                                 
00000a27  TIMG12_IRQHandler                                
00000a27  TIMG6_IRQHandler                                 
00000a27  TIMG7_IRQHandler                                 
00000a27  TIMG8_IRQHandler                                 
00000c35  UART0_IRQHandler                                 
00000a27  UART1_IRQHandler                                 
00000a27  UART2_IRQHandler                                 
00000a27  UART3_IRQHandler                                 
20208000  __STACK_END                                      
00000200  __STACK_SIZE                                     
00000000  __TI_ATRegion0_region_sz                         
00000000  __TI_ATRegion0_src_addr                          
00000000  __TI_ATRegion0_trg_addr                          
00000000  __TI_ATRegion1_region_sz                         
00000000  __TI_ATRegion1_src_addr                          
00000000  __TI_ATRegion1_trg_addr                          
00000000  __TI_ATRegion2_region_sz                         
00000000  __TI_ATRegion2_src_addr                          
00000000  __TI_ATRegion2_trg_addr                          
00000e94  __TI_CINIT_Base                                  
00000e9c  __TI_CINIT_Limit                                 
00000e9c  __TI_CINIT_Warm                                  
00000e8c  __TI_Handler_Table_Base                          
00000e94  __TI_Handler_Table_Limit                         
00000b61  __TI_auto_init_nopinit                           
00000a29  __TI_decompress_lzss                             
00000dab  __TI_decompress_none                             
ffffffff  __TI_pprof_out_hndl                              
ffffffff  __TI_prof_data_size                              
ffffffff  __TI_prof_data_start                             
00000000  __TI_static_base__                               
00000ea0  __TI_table_binit                                 
00000dc7  __aeabi_idiv0                                    
00000dc9  __aeabi_memcpy                                   
00000dc9  __aeabi_memcpy4                                  
00000dc9  __aeabi_memcpy8                                  
00000c75  __aeabi_uidiv                                    
00000c75  __aeabi_uidivmod                                 
00000ea0  __binit__                                        
UNDEFED   __mpu_init                                       
20207e00  __stack                                          
20200000  __start___llvm_prf_bits                          
20200000  __start___llvm_prf_cnts                          
20200000  __stop___llvm_prf_bits                           
20200000  __stop___llvm_prf_cnts                           
00000d15  _c_int00_noargs                                  
UNDEFED   _system_post_cinit                               
00000ddf  _system_pre_init                                 
00000dd1  abort                                            
00000ea0  binit                                            
00000b15  copy_in                                          
00000000  interruptVectors                                 
000000c1  main                                             
0000098d  memcpy                                           


GLOBAL SYMBOLS: SORTED BY Symbol Address 

address   name                                             
-------   ----                                             
00000000  __TI_ATRegion0_region_sz                         
00000000  __TI_ATRegion0_src_addr                          
00000000  __TI_ATRegion0_trg_addr                          
00000000  __TI_ATRegion1_region_sz                         
00000000  __TI_ATRegion1_src_addr                          
00000000  __TI_ATRegion1_trg_addr                          
00000000  __TI_ATRegion2_region_sz                         
00000000  __TI_ATRegion2_src_addr                          
00000000  __TI_ATRegion2_trg_addr                          
00000000  __TI_static_base__                               
00000000  interruptVectors                                 
000000c1  main                                             
00000200  __STACK_SIZE                                     
000008b5  DL_FlashCTL_unprotectSector                      
0000098d  memcpy                                           
00000a27  ADC0_IRQHandler                                  
00000a27  ADC1_IRQHandler                                  
00000a27  AES_IRQHandler                                   
00000a27  CANFD0_IRQHandler                                
00000a27  DAC0_IRQHandler                                  
00000a27  DMA_IRQHandler                                   
00000a27  Default_Handler                                  
00000a27  GROUP0_IRQHandler                                
00000a27  GROUP1_IRQHandler                                
00000a27  HardFault_Handler                                
00000a27  I2C0_IRQHandler                                  
00000a27  I2C1_IRQHandler                                  
00000a27  NMI_Handler                                      
00000a27  PendSV_Handler                                   
00000a27  RTC_IRQHandler                                   
00000a27  SPI0_IRQHandler                                  
00000a27  SPI1_IRQHandler                                  
00000a27  SVC_Handler                                      
00000a27  SysTick_Handler                                  
00000a27  TIMA0_IRQHandler                                 
00000a27  TIMA1_IRQHandler                                 
00000a27  TIMG0_IRQHandler                                 
00000a27  TIMG12_IRQHandler                                
00000a27  TIMG6_IRQHandler                                 
00000a27  TIMG7_IRQHandler                                 
00000a27  TIMG8_IRQHandler                                 
00000a27  UART1_IRQHandler                                 
00000a27  UART2_IRQHandler                                 
00000a27  UART3_IRQHandler                                 
00000a29  __TI_decompress_lzss                             
00000aa5  SYSCFG_DL_CONSOLE_UART_init                      
00000b15  copy_in                                          
00000b61  __TI_auto_init_nopinit                           
00000bad  DL_UART_init                                     
00000bf5  SYSCFG_DL_SYSCTL_init                            
00000c35  UART0_IRQHandler                                 
00000c75  __aeabi_uidiv                                    
00000c75  __aeabi_uidivmod                                 
00000cb5  SYSCFG_DL_initPower                              
00000ce9  SYSCFG_DL_GPIO_init                              
00000d15  _c_int00_noargs                                  
00000d3d  DL_FlashCTL_programMemoryFromRAM8WithECCGenerated
00000d6d  DL_FlashCTL_eraseMemoryFromRAM                   
00000d85  SYSCFG_DL_init                                   
00000d99  DL_UART_setClockConfig                           
00000dab  __TI_decompress_none                             
00000dbd  DL_Common_delayCycles                            
00000dc7  __aeabi_idiv0                                    
00000dc9  __aeabi_memcpy                                   
00000dc9  __aeabi_memcpy4                                  
00000dc9  __aeabi_memcpy8                                  
00000dd1  abort                                            
00000dd6  C$$EXIT                                          
00000dd7  HOSTexit                                         
00000ddb  Reset_Handler                                    
00000ddf  _system_pre_init                                 
00000e8c  __TI_Handler_Table_Base                          
00000e94  __TI_CINIT_Base                                  
00000e94  __TI_Handler_Table_Limit                         
00000e9c  __TI_CINIT_Limit                                 
00000e9c  __TI_CINIT_Warm                                  
00000ea0  __TI_table_binit                                 
00000ea0  __binit__                                        
00000ea0  binit                                            
20200000  DEBUG_BUFFER                                     
20200000  __start___llvm_prf_bits                          
20200000  __start___llvm_prf_cnts                          
20200000  __stop___llvm_prf_bits                           
20200000  __stop___llvm_prf_cnts                           
20200100  DEBUG_DATA_RECEIVE_FLAG                          
20200101  DEBUG_INDEX                                      
20207e00  __stack                                          
20208000  __STACK_END                                      
ffffffff  __TI_pprof_out_hndl                              
ffffffff  __TI_prof_data_size                              
ffffffff  __TI_prof_data_start                             
UNDEFED   __mpu_init                                       
UNDEFED   _system_post_cinit                               

[93 symbols]
