******************************************************************************
            TI ARM Clang Linker PC v4.0.3                      
******************************************************************************
>> Linked Mon Jun 16 21:05:54 2025

OUTPUT FILE NAME:   <empty_LP_MSPM0L2228_nortos_ticlang.out>
ENTRY POINT SYMBOL: "_c_int00_noargs"  address: 00000491


MEMORY CONFIGURATION

         name            origin    length      used     unused   attr    fill
----------------------  --------  ---------  --------  --------  ----  --------
  FLASH                 00000000   00040000  00000568  0003fa98  R  X
  SRAM                  20200000   00008000  00000101  00007eff  RW X
  BCR_CONFIG            41c00000   000000ff  00000000  000000ff  R   
  BSL_CONFIG            41c00100   00000080  00000000  00000080  R   


SEGMENT ALLOCATION MAP

run origin  load origin   length   init length attrs members
----------  ----------- ---------- ----------- ----- -------
00000000    00000000    00000568   00000568    r-x
  00000000    00000000    000000c0   000000c0    r-- .intvecs
  000000c0    000000c0    00000480   00000480    r-x .text
  00000540    00000540    00000010   00000010    r-- .rodata
  00000550    00000550    00000018   00000018    r-- .cinit
20200000    20200000    00000001   00000000    rw-
  20200000    20200000    00000001   00000000    rw- .data
20207f00    20207f00    00000100   00000000    rw-
  20207f00    20207f00    00000100   00000000    rw- .stack


SECTION ALLOCATION MAP

 output                                  attributes/
section   page    origin      length       input sections
--------  ----  ----------  ----------   ----------------
.intvecs   0    00000000    000000c0     
                  00000000    000000c0     startup_mspm0l222x_ticlang.o (.intvecs)

.text      0    000000c0    00000480     
                  000000c0    000000f0     empty.o (.text.main)
                  000001b0    0000009a     libc.a : memcpy16.S.obj (.text:memcpy)
                  0000024a    00000002     startup_mspm0l222x_ticlang.o (.text.Default_Handler)
                  0000024c    0000007c     libc.a : copy_decompress_lzss.c.obj (.text:decompress:lzss)
                  000002c8    00000070     ti_msp_dl_config.o (.text.SYSCFG_DL_DEBUG_UART_init)
                  00000338    00000064     ti_msp_dl_config.o (.text.SYSCFG_DL_GPIO_init)
                  0000039c    00000048     driverlib.a : dl_uart.o (.text.DL_UART_init)
                  000003e4    00000040     ti_msp_dl_config.o (.text.SYSCFG_DL_initPower)
                  00000424    0000003c     libc.a : autoinit.c.obj (.text:__TI_auto_init_nobinit_nopinit)
                  00000460    00000030     empty.o (.text.GROUP1_IRQHandler)
                  00000490    00000028     libc.a : boot_cortex_m.c.obj (.text:_c_int00_noargs)
                  000004b8    00000024     ti_msp_dl_config.o (.text.SYSCFG_DL_SYSCTL_init)
                  000004dc    00000014     ti_msp_dl_config.o (.text.SYSCFG_DL_init)
                  000004f0    00000012     driverlib.a : dl_uart.o (.text.DL_UART_setClockConfig)
                  00000502    00000012     libc.a : copy_decompress_none.c.obj (.text:decompress:none)
                  00000514    0000000a     driverlib.a : dl_common.o (.text.DL_Common_delayCycles)
                  0000051e    00000002     --HOLE-- [fill = 0]
                  00000520    00000008     libclang_rt.builtins.a : aeabi_memcpy.S.obj (.text.__aeabi_memcpy)
                  00000528    00000006     libc.a : exit.c.obj (.text:abort)
                  0000052e    00000004     libsysbm.a : hostexit.c.obj (.text.HOSTexit)
                  00000532    00000004     startup_mspm0l222x_ticlang.o (.text.Reset_Handler)
                  00000536    00000004     libc.a : pre_init.c.obj (.text._system_pre_init)
                  0000053a    00000006     --HOLE-- [fill = 0]

.cinit     0    00000550    00000018     
                  00000550    00000008     (__TI_handler_table)
                  00000558    00000005     (.cinit..data.load) [load image, compression = lzss]
                  0000055d    00000003     --HOLE-- [fill = 0]
                  00000560    00000008     (__TI_cinit_table)

.rodata    0    00000540    00000010     
                  00000540    0000000a     ti_msp_dl_config.o (.rodata.gDEBUG_UARTConfig)
                  0000054a    00000002     ti_msp_dl_config.o (.rodata.gDEBUG_UARTClockConfig)
                  0000054c    00000004     --HOLE-- [fill = 0]

.init_array 
*          0    00000000    00000000     UNINITIALIZED

.binit     0    00000000    00000000     

.data      0    20200000    00000001     UNINITIALIZED
                  20200000    00000001     empty.o (.data.button_pressed)

.stack     0    20207f00    00000100     UNINITIALIZED
                  20207f00    00000004     libc.a : boot_cortex_m.c.obj (.stack)
                  20207f04    000000fc     --HOLE--

__llvm_prf_cnts 
*          0    20200000    00000000     UNINITIALIZED

__llvm_prf_bits 
*          0    20200000    00000000     UNINITIALIZED

MODULE SUMMARY

       Module                         code   ro data   rw data
       ------                         ----   -------   -------
    .\
       ti_msp_dl_config.o             332    12        0      
       empty.o                        288    0         1      
       startup_mspm0l222x_ticlang.o   6      192       0      
    +--+------------------------------+------+---------+---------+
       Total:                         626    204       1      
                                                              
    C:/ti/mspm0_sdk_2_05_00_05/source/ti/driverlib/lib/ticlang/m0p/mspm0l122x_l222x/driverlib.a
       dl_uart.o                      90     0         0      
       dl_common.o                    10     0         0      
    +--+------------------------------+------+---------+---------+
       Total:                         100    0         0      
                                                              
    C:\ti\ccs2010\ccs\tools\compiler\ti-cgt-armllvm_4.0.3.LTS\lib\armv6m-ti-none-eabi/c/libc.a
       memcpy16.S.obj                 154    0         0      
       copy_decompress_lzss.c.obj     124    0         0      
       autoinit.c.obj                 60     0         0      
       boot_cortex_m.c.obj            40     0         0      
       copy_decompress_none.c.obj     18     0         0      
       exit.c.obj                     6      0         0      
       pre_init.c.obj                 4      0         0      
    +--+------------------------------+------+---------+---------+
       Total:                         406    0         0      
                                                              
    C:\ti\ccs2010\ccs\tools\compiler\ti-cgt-armllvm_4.0.3.LTS\lib\armv6m-ti-none-eabi/c/libsysbm.a
       hostexit.c.obj                 4      0         0      
    +--+------------------------------+------+---------+---------+
       Total:                         4      0         0      
                                                              
    C:\ti\ccs2010\ccs\tools\compiler\ti-cgt-armllvm_4.0.3.LTS\lib\armv6m-ti-none-eabi/libclang_rt.builtins.a
       aeabi_memcpy.S.obj             8      0         0      
    +--+------------------------------+------+---------+---------+
       Total:                         8      0         0      
                                                              
       Stack:                         0      0         256    
       Linker Generated:              0      21        0      
    +--+------------------------------+------+---------+---------+
       Grand Total:                   1144   225       257    


LINKER GENERATED COPY TABLES

__TI_cinit_table @ 00000560 records: 1, size/record: 8, table size: 8
	.data: load addr=00000558, load size=00000005 bytes, run addr=20200000, run size=00000001 bytes, compression=lzss


LINKER GENERATED HANDLER TABLE

__TI_handler_table @ 00000550 records: 2, size/record: 4, table size: 8
	index: 0, handler: __TI_decompress_lzss
	index: 1, handler: __TI_decompress_none


GLOBAL SYMBOLS: SORTED ALPHABETICALLY BY Name 

address   name                          
-------   ----                          
0000024b  ADC0_IRQHandler               
0000024b  AESADV_IRQHandler             
0000052e  C$$EXIT                       
00000515  DL_Common_delayCycles         
0000039d  DL_UART_init                  
000004f1  DL_UART_setClockConfig        
0000024b  DMA_IRQHandler                
0000024b  Default_Handler               
0000024b  GROUP0_IRQHandler             
00000461  GROUP1_IRQHandler             
0000052f  HOSTexit                      
0000024b  HardFault_Handler             
0000024b  I2C0_IRQHandler               
0000024b  I2C1_IRQHandler               
0000024b  I2C2_IRQHandler               
0000024b  LCD_IRQHandler                
0000024b  LFSS_IRQHandler               
0000024b  NMI_Handler                   
0000024b  PendSV_Handler                
00000533  Reset_Handler                 
0000024b  SPI0_IRQHandler               
0000024b  SPI1_IRQHandler               
0000024b  SVC_Handler                   
000002c9  SYSCFG_DL_DEBUG_UART_init     
00000339  SYSCFG_DL_GPIO_init           
000004b9  SYSCFG_DL_SYSCTL_init         
000004dd  SYSCFG_DL_init                
000003e5  SYSCFG_DL_initPower           
0000024b  SysTick_Handler               
0000024b  TIMA0_IRQHandler              
0000024b  TIMG0_IRQHandler              
0000024b  TIMG12_IRQHandler             
0000024b  TIMG4_IRQHandler              
0000024b  TIMG5_IRQHandler              
0000024b  TIMG8_IRQHandler              
0000024b  UART0_IRQHandler              
0000024b  UART1_IRQHandler              
0000024b  UART2_IRQHandler              
0000024b  UART3_IRQHandler              
0000024b  UART4_IRQHandler              
20208000  __STACK_END                   
00000100  __STACK_SIZE                  
00000000  __TI_ATRegion0_region_sz      
00000000  __TI_ATRegion0_src_addr       
00000000  __TI_ATRegion0_trg_addr       
00000000  __TI_ATRegion1_region_sz      
00000000  __TI_ATRegion1_src_addr       
00000000  __TI_ATRegion1_trg_addr       
00000000  __TI_ATRegion2_region_sz      
00000000  __TI_ATRegion2_src_addr       
00000000  __TI_ATRegion2_trg_addr       
00000560  __TI_CINIT_Base               
00000568  __TI_CINIT_Limit              
00000568  __TI_CINIT_Warm               
00000550  __TI_Handler_Table_Base       
00000558  __TI_Handler_Table_Limit      
00000425  __TI_auto_init_nobinit_nopinit
0000024d  __TI_decompress_lzss          
00000503  __TI_decompress_none          
ffffffff  __TI_pprof_out_hndl           
ffffffff  __TI_prof_data_size           
ffffffff  __TI_prof_data_start          
00000000  __TI_static_base__            
00000521  __aeabi_memcpy                
00000521  __aeabi_memcpy4               
00000521  __aeabi_memcpy8               
ffffffff  __binit__                     
UNDEFED   __mpu_init                    
20207f00  __stack                       
20200000  __start___llvm_prf_bits       
20200000  __start___llvm_prf_cnts       
20200000  __stop___llvm_prf_bits        
20200000  __stop___llvm_prf_cnts        
00000491  _c_int00_noargs               
UNDEFED   _system_post_cinit            
00000537  _system_pre_init              
00000529  abort                         
ffffffff  binit                         
20200000  button_pressed                
00000000  interruptVectors              
000000c1  main                          
000001b1  memcpy                        


GLOBAL SYMBOLS: SORTED BY Symbol Address 

address   name                          
-------   ----                          
00000000  __TI_ATRegion0_region_sz      
00000000  __TI_ATRegion0_src_addr       
00000000  __TI_ATRegion0_trg_addr       
00000000  __TI_ATRegion1_region_sz      
00000000  __TI_ATRegion1_src_addr       
00000000  __TI_ATRegion1_trg_addr       
00000000  __TI_ATRegion2_region_sz      
00000000  __TI_ATRegion2_src_addr       
00000000  __TI_ATRegion2_trg_addr       
00000000  __TI_static_base__            
00000000  interruptVectors              
000000c1  main                          
00000100  __STACK_SIZE                  
000001b1  memcpy                        
0000024b  ADC0_IRQHandler               
0000024b  AESADV_IRQHandler             
0000024b  DMA_IRQHandler                
0000024b  Default_Handler               
0000024b  GROUP0_IRQHandler             
0000024b  HardFault_Handler             
0000024b  I2C0_IRQHandler               
0000024b  I2C1_IRQHandler               
0000024b  I2C2_IRQHandler               
0000024b  LCD_IRQHandler                
0000024b  LFSS_IRQHandler               
0000024b  NMI_Handler                   
0000024b  PendSV_Handler                
0000024b  SPI0_IRQHandler               
0000024b  SPI1_IRQHandler               
0000024b  SVC_Handler                   
0000024b  SysTick_Handler               
0000024b  TIMA0_IRQHandler              
0000024b  TIMG0_IRQHandler              
0000024b  TIMG12_IRQHandler             
0000024b  TIMG4_IRQHandler              
0000024b  TIMG5_IRQHandler              
0000024b  TIMG8_IRQHandler              
0000024b  UART0_IRQHandler              
0000024b  UART1_IRQHandler              
0000024b  UART2_IRQHandler              
0000024b  UART3_IRQHandler              
0000024b  UART4_IRQHandler              
0000024d  __TI_decompress_lzss          
000002c9  SYSCFG_DL_DEBUG_UART_init     
00000339  SYSCFG_DL_GPIO_init           
0000039d  DL_UART_init                  
000003e5  SYSCFG_DL_initPower           
00000425  __TI_auto_init_nobinit_nopinit
00000461  GROUP1_IRQHandler             
00000491  _c_int00_noargs               
000004b9  SYSCFG_DL_SYSCTL_init         
000004dd  SYSCFG_DL_init                
000004f1  DL_UART_setClockConfig        
00000503  __TI_decompress_none          
00000515  DL_Common_delayCycles         
00000521  __aeabi_memcpy                
00000521  __aeabi_memcpy4               
00000521  __aeabi_memcpy8               
00000529  abort                         
0000052e  C$$EXIT                       
0000052f  HOSTexit                      
00000533  Reset_Handler                 
00000537  _system_pre_init              
00000550  __TI_Handler_Table_Base       
00000558  __TI_Handler_Table_Limit      
00000560  __TI_CINIT_Base               
00000568  __TI_CINIT_Limit              
00000568  __TI_CINIT_Warm               
20200000  __start___llvm_prf_bits       
20200000  __start___llvm_prf_cnts       
20200000  __stop___llvm_prf_bits        
20200000  __stop___llvm_prf_cnts        
20200000  button_pressed                
20207f00  __stack                       
20208000  __STACK_END                   
ffffffff  __TI_pprof_out_hndl           
ffffffff  __TI_prof_data_size           
ffffffff  __TI_prof_data_start          
ffffffff  __binit__                     
ffffffff  binit                         
UNDEFED   __mpu_init                    
UNDEFED   _system_post_cinit            

[82 symbols]
