******************************************************************************
            TI ARM Clang Linker PC v4.0.3                      
******************************************************************************
>> Linked Thu Jul 31 19:30:44 2025

OUTPUT FILE NAME:   <Application_2.out>
ENTRY POINT SYMBOL: "_c_int00_noargs"  address: 00010491


MEMORY CONFIGURATION

         name            origin    length      used     unused   attr    fill
----------------------  --------  ---------  --------  --------  ----  --------
  BOOTLOADER            00000000   00003c00  00000000  00003c00  R  X
  APP1                  00003c00   0000c000  00000000  0000c000  R  X
  APP2                  0000fc00   0000c000  00000970  0000b690  R  X
  CONFIG_DATA           0001bc00   00004400  00000000  00004400  R   
  SRAM                  20200000   00008000  00000302  00007cfe  RW X
  BCR_CONFIG            41c00000   000000ff  00000000  000000ff  R   
  BSL_CONFIG            41c00100   00000080  00000000  00000080  R   


SEGMENT ALLOCATION MAP

run origin  load origin   length   init length attrs members
----------  ----------- ---------- ----------- ----- -------
0000fc00    0000fc00    00000970   00000970    r-x
  0000fc00    0000fc00    000000c0   000000c0    r-- .intvecs
  0000fcc0    0000fcc0    00000858   00000858    r-x .text
  00010518    00010518    00000038   00000038    r-- .rodata
  00010550    00010550    00000020   00000020    r-- .cinit
20200000    20200000    00000102   00000000    rw-
  20200000    20200000    00000102   00000000    rw- .data
20207e00    20207e00    00000200   00000000    rw-
  20207e00    20207e00    00000200   00000000    rw- .stack


SECTION ALLOCATION MAP

 output                                  attributes/
section   page    origin      length       input sections
--------  ----  ----------  ----------   ----------------
.intvecs   0    0000fc00    000000c0     
                  0000fc00    000000c0     startup_mspm0g350x_ticlang.o (.intvecs)

.text      0    0000fcc0    00000858     
                  0000fcc0    000004e4     Application_2.o (.text.main)
                  000101a4    0000009a     libc.a : memcpy16.S.obj (.text:memcpy)
                  0001023e    00000002     startup_mspm0g350x_ticlang.o (.text.Default_Handler)
                  00010240    0000007c     libc.a : copy_decompress_lzss.c.obj (.text:decompress:lzss)
                  000102bc    00000070     ti_msp_dl_config.o (.text.SYSCFG_DL_CONSOLE_UART_init)
                  0001032c    00000048     driverlib.a : dl_uart.o (.text.DL_UART_init)
                  00010374    00000040     ti_msp_dl_config.o (.text.SYSCFG_DL_SYSCTL_init)
                  000103b4    00000040     Application_2.o (.text.UART0_IRQHandler)
                  000103f4    0000003c     libc.a : autoinit.c.obj (.text:__TI_auto_init_nobinit_nopinit)
                  00010430    00000034     ti_msp_dl_config.o (.text.SYSCFG_DL_initPower)
                  00010464    0000002c     ti_msp_dl_config.o (.text.SYSCFG_DL_GPIO_init)
                  00010490    00000028     libc.a : boot_cortex_m.c.obj (.text:_c_int00_noargs)
                  000104b8    00000014     ti_msp_dl_config.o (.text.SYSCFG_DL_init)
                  000104cc    00000012     driverlib.a : dl_uart.o (.text.DL_UART_setClockConfig)
                  000104de    00000012     libc.a : copy_decompress_none.c.obj (.text:decompress:none)
                  000104f0    0000000a     driverlib.a : dl_common.o (.text.DL_Common_delayCycles)
                  000104fa    00000002     --HOLE-- [fill = 0]
                  000104fc    00000008     libclang_rt.builtins.a : aeabi_memcpy.S.obj (.text.__aeabi_memcpy)
                  00010504    00000006     libc.a : exit.c.obj (.text:abort)
                  0001050a    00000004     libsysbm.a : hostexit.c.obj (.text.HOSTexit)
                  0001050e    00000004     startup_mspm0g350x_ticlang.o (.text.Reset_Handler)
                  00010512    00000004     libc.a : pre_init.c.obj (.text._system_pre_init)
                  00010516    00000002     --HOLE-- [fill = 0]

.cinit     0    00010550    00000020     
                  00010550    00000009     (.cinit..data.load) [load image, compression = lzss]
                  00010559    00000003     --HOLE-- [fill = 0]
                  0001055c    00000008     (__TI_handler_table)
                  00010564    00000008     (__TI_cinit_table)
                  0001056c    00000004     --HOLE-- [fill = 0]

.rodata    0    00010518    00000038     
                  00010518    0000002b     Application_2.o (.rodata.str1.7657200943574286472.1)
                  00010543    00000001     --HOLE-- [fill = 0]
                  00010544    0000000a     ti_msp_dl_config.o (.rodata.gCONSOLE_UARTConfig)
                  0001054e    00000002     ti_msp_dl_config.o (.rodata.gCONSOLE_UARTClockConfig)

.init_array 
*          0    0000fc00    00000000     UNINITIALIZED

.binit     0    0000fc00    00000000     

.data      0    20200000    00000102     UNINITIALIZED
                  20200000    00000100     Application_2.o (.data.DEBUG_BUFFER)
                  20200100    00000001     Application_2.o (.data.DEBUG_DATA_RECEIVE_FLAG)
                  20200101    00000001     Application_2.o (.data.DEBUG_INDEX)

.stack     0    20207e00    00000200     UNINITIALIZED
                  20207e00    00000004     libc.a : boot_cortex_m.c.obj (.stack)
                  20207e04    000001fc     --HOLE--

__llvm_prf_cnts 
*          0    20200000    00000000     UNINITIALIZED

__llvm_prf_bits 
*          0    20200000    00000000     UNINITIALIZED

MODULE SUMMARY

       Module                         code   ro data   rw data
       ------                         ----   -------   -------
    .\
       Application_2.o                1316   43        258    
       ti_msp_dl_config.o             292    12        0      
       startup_mspm0g350x_ticlang.o   6      192       0      
    +--+------------------------------+------+---------+---------+
       Total:                         1614   247       258    
                                                              
    C:/ti/mspm0_sdk_2_05_01_00/source/ti/driverlib/lib/ticlang/m0p/mspm0g1x0x_g3x0x/driverlib.a
       dl_uart.o                      90     0         0      
       dl_common.o                    10     0         0      
    +--+------------------------------+------+---------+---------+
       Total:                         100    0         0      
                                                              
    F:\Softwares\Ti\ccs\tools\compiler\ti-cgt-armllvm_4.0.3.LTS\lib\armv6m-ti-none-eabi/c/libc.a
       memcpy16.S.obj                 154    0         0      
       copy_decompress_lzss.c.obj     124    0         0      
       autoinit.c.obj                 60     0         0      
       boot_cortex_m.c.obj            40     0         0      
       copy_decompress_none.c.obj     18     0         0      
       exit.c.obj                     6      0         0      
       pre_init.c.obj                 4      0         0      
    +--+------------------------------+------+---------+---------+
       Total:                         406    0         0      
                                                              
    F:\Softwares\Ti\ccs\tools\compiler\ti-cgt-armllvm_4.0.3.LTS\lib\armv6m-ti-none-eabi/c/libsysbm.a
       hostexit.c.obj                 4      0         0      
    +--+------------------------------+------+---------+---------+
       Total:                         4      0         0      
                                                              
    F:\Softwares\Ti\ccs\tools\compiler\ti-cgt-armllvm_4.0.3.LTS\lib\armv6m-ti-none-eabi/libclang_rt.builtins.a
       aeabi_memcpy.S.obj             8      0         0      
    +--+------------------------------+------+---------+---------+
       Total:                         8      0         0      
                                                              
       Stack:                         0      0         512    
       Linker Generated:              0      25        0      
    +--+------------------------------+------+---------+---------+
       Grand Total:                   2132   272       770    


LINKER GENERATED COPY TABLES

__TI_cinit_table @ 00010564 records: 1, size/record: 8, table size: 8
	.data: load addr=00010550, load size=00000009 bytes, run addr=20200000, run size=00000102 bytes, compression=lzss


LINKER GENERATED HANDLER TABLE

__TI_handler_table @ 0001055c records: 2, size/record: 4, table size: 8
	index: 0, handler: __TI_decompress_lzss
	index: 1, handler: __TI_decompress_none


GLOBAL SYMBOLS: SORTED ALPHABETICALLY BY Name 

address   name                          
-------   ----                          
0001023f  ADC0_IRQHandler               
0001023f  ADC1_IRQHandler               
0001023f  AES_IRQHandler                
0001050a  C$$EXIT                       
0001023f  CANFD0_IRQHandler             
0001023f  DAC0_IRQHandler               
20200000  DEBUG_BUFFER                  
20200100  DEBUG_DATA_RECEIVE_FLAG       
20200101  DEBUG_INDEX                   
000104f1  DL_Common_delayCycles         
0001032d  DL_UART_init                  
000104cd  DL_UART_setClockConfig        
0001023f  DMA_IRQHandler                
0001023f  Default_Handler               
0001023f  GROUP0_IRQHandler             
0001023f  GROUP1_IRQHandler             
0001050b  HOSTexit                      
0001023f  HardFault_Handler             
0001023f  I2C0_IRQHandler               
0001023f  I2C1_IRQHandler               
0001023f  NMI_Handler                   
0001023f  PendSV_Handler                
0001023f  RTC_IRQHandler                
0001050f  Reset_Handler                 
0001023f  SPI0_IRQHandler               
0001023f  SPI1_IRQHandler               
0001023f  SVC_Handler                   
000102bd  SYSCFG_DL_CONSOLE_UART_init   
00010465  SYSCFG_DL_GPIO_init           
00010375  SYSCFG_DL_SYSCTL_init         
000104b9  SYSCFG_DL_init                
00010431  SYSCFG_DL_initPower           
0001023f  SysTick_Handler               
0001023f  TIMA0_IRQHandler              
0001023f  TIMA1_IRQHandler              
0001023f  TIMG0_IRQHandler              
0001023f  TIMG12_IRQHandler             
0001023f  TIMG6_IRQHandler              
0001023f  TIMG7_IRQHandler              
0001023f  TIMG8_IRQHandler              
000103b5  UART0_IRQHandler              
0001023f  UART1_IRQHandler              
0001023f  UART2_IRQHandler              
0001023f  UART3_IRQHandler              
20208000  __STACK_END                   
00000200  __STACK_SIZE                  
00000000  __TI_ATRegion0_region_sz      
00000000  __TI_ATRegion0_src_addr       
00000000  __TI_ATRegion0_trg_addr       
00000000  __TI_ATRegion1_region_sz      
00000000  __TI_ATRegion1_src_addr       
00000000  __TI_ATRegion1_trg_addr       
00000000  __TI_ATRegion2_region_sz      
00000000  __TI_ATRegion2_src_addr       
00000000  __TI_ATRegion2_trg_addr       
00010564  __TI_CINIT_Base               
0001056c  __TI_CINIT_Limit              
0001056c  __TI_CINIT_Warm               
0001055c  __TI_Handler_Table_Base       
00010564  __TI_Handler_Table_Limit      
000103f5  __TI_auto_init_nobinit_nopinit
00010241  __TI_decompress_lzss          
000104df  __TI_decompress_none          
ffffffff  __TI_pprof_out_hndl           
ffffffff  __TI_prof_data_size           
ffffffff  __TI_prof_data_start          
00010550  __TI_static_base__            
000104fd  __aeabi_memcpy                
000104fd  __aeabi_memcpy4               
000104fd  __aeabi_memcpy8               
ffffffff  __binit__                     
UNDEFED   __mpu_init                    
20207e00  __stack                       
20200000  __start___llvm_prf_bits       
20200000  __start___llvm_prf_cnts       
20200000  __stop___llvm_prf_bits        
20200000  __stop___llvm_prf_cnts        
00010491  _c_int00_noargs               
UNDEFED   _system_post_cinit            
00010513  _system_pre_init              
00010505  abort                         
ffffffff  binit                         
0000fc00  interruptVectors              
0000fcc1  main                          
000101a5  memcpy                        


GLOBAL SYMBOLS: SORTED BY Symbol Address 

address   name                          
-------   ----                          
00000000  __TI_ATRegion0_region_sz      
00000000  __TI_ATRegion0_src_addr       
00000000  __TI_ATRegion0_trg_addr       
00000000  __TI_ATRegion1_region_sz      
00000000  __TI_ATRegion1_src_addr       
00000000  __TI_ATRegion1_trg_addr       
00000000  __TI_ATRegion2_region_sz      
00000000  __TI_ATRegion2_src_addr       
00000000  __TI_ATRegion2_trg_addr       
00000200  __STACK_SIZE                  
0000fc00  interruptVectors              
0000fcc1  main                          
000101a5  memcpy                        
0001023f  ADC0_IRQHandler               
0001023f  ADC1_IRQHandler               
0001023f  AES_IRQHandler                
0001023f  CANFD0_IRQHandler             
0001023f  DAC0_IRQHandler               
0001023f  DMA_IRQHandler                
0001023f  Default_Handler               
0001023f  GROUP0_IRQHandler             
0001023f  GROUP1_IRQHandler             
0001023f  HardFault_Handler             
0001023f  I2C0_IRQHandler               
0001023f  I2C1_IRQHandler               
0001023f  NMI_Handler                   
0001023f  PendSV_Handler                
0001023f  RTC_IRQHandler                
0001023f  SPI0_IRQHandler               
0001023f  SPI1_IRQHandler               
0001023f  SVC_Handler                   
0001023f  SysTick_Handler               
0001023f  TIMA0_IRQHandler              
0001023f  TIMA1_IRQHandler              
0001023f  TIMG0_IRQHandler              
0001023f  TIMG12_IRQHandler             
0001023f  TIMG6_IRQHandler              
0001023f  TIMG7_IRQHandler              
0001023f  TIMG8_IRQHandler              
0001023f  UART1_IRQHandler              
0001023f  UART2_IRQHandler              
0001023f  UART3_IRQHandler              
00010241  __TI_decompress_lzss          
000102bd  SYSCFG_DL_CONSOLE_UART_init   
0001032d  DL_UART_init                  
00010375  SYSCFG_DL_SYSCTL_init         
000103b5  UART0_IRQHandler              
000103f5  __TI_auto_init_nobinit_nopinit
00010431  SYSCFG_DL_initPower           
00010465  SYSCFG_DL_GPIO_init           
00010491  _c_int00_noargs               
000104b9  SYSCFG_DL_init                
000104cd  DL_UART_setClockConfig        
000104df  __TI_decompress_none          
000104f1  DL_Common_delayCycles         
000104fd  __aeabi_memcpy                
000104fd  __aeabi_memcpy4               
000104fd  __aeabi_memcpy8               
00010505  abort                         
0001050a  C$$EXIT                       
0001050b  HOSTexit                      
0001050f  Reset_Handler                 
00010513  _system_pre_init              
00010550  __TI_static_base__            
0001055c  __TI_Handler_Table_Base       
00010564  __TI_CINIT_Base               
00010564  __TI_Handler_Table_Limit      
0001056c  __TI_CINIT_Limit              
0001056c  __TI_CINIT_Warm               
20200000  DEBUG_BUFFER                  
20200000  __start___llvm_prf_bits       
20200000  __start___llvm_prf_cnts       
20200000  __stop___llvm_prf_bits        
20200000  __stop___llvm_prf_cnts        
20200100  DEBUG_DATA_RECEIVE_FLAG       
20200101  DEBUG_INDEX                   
20207e00  __stack                       
20208000  __STACK_END                   
ffffffff  __TI_pprof_out_hndl           
ffffffff  __TI_prof_data_size           
ffffffff  __TI_prof_data_start          
ffffffff  __binit__                     
ffffffff  binit                         
UNDEFED   __mpu_init                    
UNDEFED   _system_post_cinit            

[85 symbols]
