******************************************************************************
            TI ARM Clang Linker PC v4.0.3                      
******************************************************************************
>> Linked Thu Jul 31 19:30:57 2025

OUTPUT FILE NAME:   <Application_1.out>
ENTRY POINT SYMBOL: "_c_int00_noargs"  address: 00004345


MEMORY CONFIGURATION

         name            origin    length      used     unused   attr    fill
----------------------  --------  ---------  --------  --------  ----  --------
  BOOTLOADER            00000000   00003c00  00000000  00003c00  R  X
  APP1                  00003c00   0000c000  00000828  0000b7d8  R  X
  APP2                  0000fc00   0000c000  00000000  0000c000  R  X
  CONFIG_DATA           0001bc00   00004400  00000000  00004400  R   
  SRAM                  20200000   00008000  00000302  00007cfe  RW X
  BCR_CONFIG            41c00000   000000ff  00000000  000000ff  R   
  BSL_CONFIG            41c00100   00000080  00000000  00000080  R   


SEGMENT ALLOCATION MAP

run origin  load origin   length   init length attrs members
----------  ----------- ---------- ----------- ----- -------
00003c00    00003c00    00000828   00000828    r-x
  00003c00    00003c00    000000c0   000000c0    r-- .intvecs
  00003cc0    00003cc0    00000710   00000710    r-x .text
  000043d0    000043d0    00000038   00000038    r-- .rodata
  00004408    00004408    00000020   00000020    r-- .cinit
20200000    20200000    00000102   00000000    rw-
  20200000    20200000    00000102   00000000    rw- .data
20207e00    20207e00    00000200   00000000    rw-
  20207e00    20207e00    00000200   00000000    rw- .stack


SECTION ALLOCATION MAP

 output                                  attributes/
section   page    origin      length       input sections
--------  ----  ----------  ----------   ----------------
.intvecs   0    00003c00    000000c0     
                  00003c00    000000c0     startup_mspm0g350x_ticlang.o (.intvecs)

.text      0    00003cc0    00000710     
                  00003cc0    0000039c     Application_1.o (.text.main)
                  0000405c    0000009a     libc.a : memcpy16.S.obj (.text:memcpy)
                  000040f6    00000002     startup_mspm0g350x_ticlang.o (.text.Default_Handler)
                  000040f8    0000007c     libc.a : copy_decompress_lzss.c.obj (.text:decompress:lzss)
                  00004174    00000070     ti_msp_dl_config.o (.text.SYSCFG_DL_CONSOLE_UART_init)
                  000041e4    00000048     driverlib.a : dl_uart.o (.text.DL_UART_init)
                  0000422c    00000040     ti_msp_dl_config.o (.text.SYSCFG_DL_SYSCTL_init)
                  0000426c    00000040     Application_1.o (.text.UART0_IRQHandler)
                  000042ac    0000003c     libc.a : autoinit.c.obj (.text:__TI_auto_init_nobinit_nopinit)
                  000042e8    00000034     ti_msp_dl_config.o (.text.SYSCFG_DL_initPower)
                  0000431c    00000028     ti_msp_dl_config.o (.text.SYSCFG_DL_GPIO_init)
                  00004344    00000028     libc.a : boot_cortex_m.c.obj (.text:_c_int00_noargs)
                  0000436c    00000014     ti_msp_dl_config.o (.text.SYSCFG_DL_init)
                  00004380    00000012     driverlib.a : dl_uart.o (.text.DL_UART_setClockConfig)
                  00004392    00000012     libc.a : copy_decompress_none.c.obj (.text:decompress:none)
                  000043a4    0000000a     driverlib.a : dl_common.o (.text.DL_Common_delayCycles)
                  000043ae    00000002     --HOLE-- [fill = 0]
                  000043b0    00000008     libclang_rt.builtins.a : aeabi_memcpy.S.obj (.text.__aeabi_memcpy)
                  000043b8    00000006     libc.a : exit.c.obj (.text:abort)
                  000043be    00000004     libsysbm.a : hostexit.c.obj (.text.HOSTexit)
                  000043c2    00000004     startup_mspm0g350x_ticlang.o (.text.Reset_Handler)
                  000043c6    00000004     libc.a : pre_init.c.obj (.text._system_pre_init)
                  000043ca    00000006     --HOLE-- [fill = 0]

.cinit     0    00004408    00000020     
                  00004408    00000009     (.cinit..data.load) [load image, compression = lzss]
                  00004411    00000003     --HOLE-- [fill = 0]
                  00004414    00000008     (__TI_handler_table)
                  0000441c    00000008     (__TI_cinit_table)
                  00004424    00000004     --HOLE-- [fill = 0]

.rodata    0    000043d0    00000038     
                  000043d0    0000002a     Application_1.o (.rodata.str1.17605678619168750453.1)
                  000043fa    0000000a     ti_msp_dl_config.o (.rodata.gCONSOLE_UARTConfig)
                  00004404    00000002     ti_msp_dl_config.o (.rodata.gCONSOLE_UARTClockConfig)
                  00004406    00000002     --HOLE-- [fill = 0]

.init_array 
*          0    00003c00    00000000     UNINITIALIZED

.binit     0    00003c00    00000000     

.data      0    20200000    00000102     UNINITIALIZED
                  20200000    00000100     Application_1.o (.data.DEBUG_BUFFER)
                  20200100    00000001     Application_1.o (.data.DEBUG_DATA_RECEIVE_FLAG)
                  20200101    00000001     Application_1.o (.data.DEBUG_INDEX)

.stack     0    20207e00    00000200     UNINITIALIZED
                  20207e00    00000004     libc.a : boot_cortex_m.c.obj (.stack)
                  20207e04    000001fc     --HOLE--

__llvm_prf_cnts 
*          0    20200000    00000000     UNINITIALIZED

__llvm_prf_bits 
*          0    20200000    00000000     UNINITIALIZED

MODULE SUMMARY

       Module                         code   ro data   rw data
       ------                         ----   -------   -------
    .\
       Application_1.o                988    42        258    
       ti_msp_dl_config.o             288    12        0      
       startup_mspm0g350x_ticlang.o   6      192       0      
    +--+------------------------------+------+---------+---------+
       Total:                         1282   246       258    
                                                              
    C:/ti/mspm0_sdk_2_05_01_00/source/ti/driverlib/lib/ticlang/m0p/mspm0g1x0x_g3x0x/driverlib.a
       dl_uart.o                      90     0         0      
       dl_common.o                    10     0         0      
    +--+------------------------------+------+---------+---------+
       Total:                         100    0         0      
                                                              
    F:\Softwares\Ti\ccs\tools\compiler\ti-cgt-armllvm_4.0.3.LTS\lib\armv6m-ti-none-eabi/c/libc.a
       memcpy16.S.obj                 154    0         0      
       copy_decompress_lzss.c.obj     124    0         0      
       autoinit.c.obj                 60     0         0      
       boot_cortex_m.c.obj            40     0         0      
       copy_decompress_none.c.obj     18     0         0      
       exit.c.obj                     6      0         0      
       pre_init.c.obj                 4      0         0      
    +--+------------------------------+------+---------+---------+
       Total:                         406    0         0      
                                                              
    F:\Softwares\Ti\ccs\tools\compiler\ti-cgt-armllvm_4.0.3.LTS\lib\armv6m-ti-none-eabi/c/libsysbm.a
       hostexit.c.obj                 4      0         0      
    +--+------------------------------+------+---------+---------+
       Total:                         4      0         0      
                                                              
    F:\Softwares\Ti\ccs\tools\compiler\ti-cgt-armllvm_4.0.3.LTS\lib\armv6m-ti-none-eabi/libclang_rt.builtins.a
       aeabi_memcpy.S.obj             8      0         0      
    +--+------------------------------+------+---------+---------+
       Total:                         8      0         0      
                                                              
       Stack:                         0      0         512    
       Linker Generated:              0      25        0      
    +--+------------------------------+------+---------+---------+
       Grand Total:                   1800   271       770    


LINKER GENERATED COPY TABLES

__TI_cinit_table @ 0000441c records: 1, size/record: 8, table size: 8
	.data: load addr=00004408, load size=00000009 bytes, run addr=20200000, run size=00000102 bytes, compression=lzss


LINKER GENERATED HANDLER TABLE

__TI_handler_table @ 00004414 records: 2, size/record: 4, table size: 8
	index: 0, handler: __TI_decompress_lzss
	index: 1, handler: __TI_decompress_none


GLOBAL SYMBOLS: SORTED ALPHABETICALLY BY Name 

address   name                          
-------   ----                          
000040f7  ADC0_IRQHandler               
000040f7  ADC1_IRQHandler               
000040f7  AES_IRQHandler                
000043be  C$$EXIT                       
000040f7  CANFD0_IRQHandler             
000040f7  DAC0_IRQHandler               
20200000  DEBUG_BUFFER                  
20200100  DEBUG_DATA_RECEIVE_FLAG       
20200101  DEBUG_INDEX                   
000043a5  DL_Common_delayCycles         
000041e5  DL_UART_init                  
00004381  DL_UART_setClockConfig        
000040f7  DMA_IRQHandler                
000040f7  Default_Handler               
000040f7  GROUP0_IRQHandler             
000040f7  GROUP1_IRQHandler             
000043bf  HOSTexit                      
000040f7  HardFault_Handler             
000040f7  I2C0_IRQHandler               
000040f7  I2C1_IRQHandler               
000040f7  NMI_Handler                   
000040f7  PendSV_Handler                
000040f7  RTC_IRQHandler                
000043c3  Reset_Handler                 
000040f7  SPI0_IRQHandler               
000040f7  SPI1_IRQHandler               
000040f7  SVC_Handler                   
00004175  SYSCFG_DL_CONSOLE_UART_init   
0000431d  SYSCFG_DL_GPIO_init           
0000422d  SYSCFG_DL_SYSCTL_init         
0000436d  SYSCFG_DL_init                
000042e9  SYSCFG_DL_initPower           
000040f7  SysTick_Handler               
000040f7  TIMA0_IRQHandler              
000040f7  TIMA1_IRQHandler              
000040f7  TIMG0_IRQHandler              
000040f7  TIMG12_IRQHandler             
000040f7  TIMG6_IRQHandler              
000040f7  TIMG7_IRQHandler              
000040f7  TIMG8_IRQHandler              
0000426d  UART0_IRQHandler              
000040f7  UART1_IRQHandler              
000040f7  UART2_IRQHandler              
000040f7  UART3_IRQHandler              
20208000  __STACK_END                   
00000200  __STACK_SIZE                  
00000000  __TI_ATRegion0_region_sz      
00000000  __TI_ATRegion0_src_addr       
00000000  __TI_ATRegion0_trg_addr       
00000000  __TI_ATRegion1_region_sz      
00000000  __TI_ATRegion1_src_addr       
00000000  __TI_ATRegion1_trg_addr       
00000000  __TI_ATRegion2_region_sz      
00000000  __TI_ATRegion2_src_addr       
00000000  __TI_ATRegion2_trg_addr       
0000441c  __TI_CINIT_Base               
00004424  __TI_CINIT_Limit              
00004424  __TI_CINIT_Warm               
00004414  __TI_Handler_Table_Base       
0000441c  __TI_Handler_Table_Limit      
000042ad  __TI_auto_init_nobinit_nopinit
000040f9  __TI_decompress_lzss          
00004393  __TI_decompress_none          
ffffffff  __TI_pprof_out_hndl           
ffffffff  __TI_prof_data_size           
ffffffff  __TI_prof_data_start          
00004408  __TI_static_base__            
000043b1  __aeabi_memcpy                
000043b1  __aeabi_memcpy4               
000043b1  __aeabi_memcpy8               
ffffffff  __binit__                     
UNDEFED   __mpu_init                    
20207e00  __stack                       
20200000  __start___llvm_prf_bits       
20200000  __start___llvm_prf_cnts       
20200000  __stop___llvm_prf_bits        
20200000  __stop___llvm_prf_cnts        
00004345  _c_int00_noargs               
UNDEFED   _system_post_cinit            
000043c7  _system_pre_init              
000043b9  abort                         
ffffffff  binit                         
00003c00  interruptVectors              
00003cc1  main                          
0000405d  memcpy                        


GLOBAL SYMBOLS: SORTED BY Symbol Address 

address   name                          
-------   ----                          
00000000  __TI_ATRegion0_region_sz      
00000000  __TI_ATRegion0_src_addr       
00000000  __TI_ATRegion0_trg_addr       
00000000  __TI_ATRegion1_region_sz      
00000000  __TI_ATRegion1_src_addr       
00000000  __TI_ATRegion1_trg_addr       
00000000  __TI_ATRegion2_region_sz      
00000000  __TI_ATRegion2_src_addr       
00000000  __TI_ATRegion2_trg_addr       
00000200  __STACK_SIZE                  
00003c00  interruptVectors              
00003cc1  main                          
0000405d  memcpy                        
000040f7  ADC0_IRQHandler               
000040f7  ADC1_IRQHandler               
000040f7  AES_IRQHandler                
000040f7  CANFD0_IRQHandler             
000040f7  DAC0_IRQHandler               
000040f7  DMA_IRQHandler                
000040f7  Default_Handler               
000040f7  GROUP0_IRQHandler             
000040f7  GROUP1_IRQHandler             
000040f7  HardFault_Handler             
000040f7  I2C0_IRQHandler               
000040f7  I2C1_IRQHandler               
000040f7  NMI_Handler                   
000040f7  PendSV_Handler                
000040f7  RTC_IRQHandler                
000040f7  SPI0_IRQHandler               
000040f7  SPI1_IRQHandler               
000040f7  SVC_Handler                   
000040f7  SysTick_Handler               
000040f7  TIMA0_IRQHandler              
000040f7  TIMA1_IRQHandler              
000040f7  TIMG0_IRQHandler              
000040f7  TIMG12_IRQHandler             
000040f7  TIMG6_IRQHandler              
000040f7  TIMG7_IRQHandler              
000040f7  TIMG8_IRQHandler              
000040f7  UART1_IRQHandler              
000040f7  UART2_IRQHandler              
000040f7  UART3_IRQHandler              
000040f9  __TI_decompress_lzss          
00004175  SYSCFG_DL_CONSOLE_UART_init   
000041e5  DL_UART_init                  
0000422d  SYSCFG_DL_SYSCTL_init         
0000426d  UART0_IRQHandler              
000042ad  __TI_auto_init_nobinit_nopinit
000042e9  SYSCFG_DL_initPower           
0000431d  SYSCFG_DL_GPIO_init           
00004345  _c_int00_noargs               
0000436d  SYSCFG_DL_init                
00004381  DL_UART_setClockConfig        
00004393  __TI_decompress_none          
000043a5  DL_Common_delayCycles         
000043b1  __aeabi_memcpy                
000043b1  __aeabi_memcpy4               
000043b1  __aeabi_memcpy8               
000043b9  abort                         
000043be  C$$EXIT                       
000043bf  HOSTexit                      
000043c3  Reset_Handler                 
000043c7  _system_pre_init              
00004408  __TI_static_base__            
00004414  __TI_Handler_Table_Base       
0000441c  __TI_CINIT_Base               
0000441c  __TI_Handler_Table_Limit      
00004424  __TI_CINIT_Limit              
00004424  __TI_CINIT_Warm               
20200000  DEBUG_BUFFER                  
20200000  __start___llvm_prf_bits       
20200000  __start___llvm_prf_cnts       
20200000  __stop___llvm_prf_bits        
20200000  __stop___llvm_prf_cnts        
20200100  DEBUG_DATA_RECEIVE_FLAG       
20200101  DEBUG_INDEX                   
20207e00  __stack                       
20208000  __STACK_END                   
ffffffff  __TI_pprof_out_hndl           
ffffffff  __TI_prof_data_size           
ffffffff  __TI_prof_data_start          
ffffffff  __binit__                     
ffffffff  binit                         
UNDEFED   __mpu_init                    
UNDEFED   _system_post_cinit            

[85 symbols]
